// Jest Snapshot v1, https://goo.gl/fbAQLP

exports[`#concat should concat 2 1`] = `
[
  {
    "dur": 1280,
    "isRest": false,
    "next": 1280,
    "time": 0,
  },
  {
    "dur": 1280,
    "isRest": false,
    "next": 2560,
    "time": 1280,
  },
  {
    "dur": 1280,
    "isRest": false,
    "next": 3840,
    "time": 2560,
  },
]
`;

exports[`#concat should concat 3 1`] = `
[
  {
    "dur": 480,
    "isRest": false,
    "next": 480,
    "time": 0,
  },
  {
    "dur": 480,
    "isRest": false,
    "next": 960,
    "time": 480,
  },
  {
    "dur": 480,
    "isRest": false,
    "next": 1440,
    "time": 960,
  },
  {
    "dur": 480,
    "isRest": false,
    "next": 1920,
    "time": 1440,
  },
  {
    "dur": 960,
    "isRest": false,
    "next": 2880,
    "time": 1920,
  },
  {
    "dur": 960,
    "isRest": false,
    "next": 3840,
    "time": 2880,
  },
  {
    "dur": 960,
    "isRest": false,
    "next": 4800,
    "time": 3840,
  },
  {
    "dur": 480,
    "isRest": false,
    "next": 5280,
    "time": 4800,
  },
  {
    "dur": 480,
    "isRest": false,
    "next": 5760,
    "time": 5280,
  },
]
`;

exports[`#concat should concat simple 1`] = `
[
  {
    "dur": 480,
    "isRest": false,
    "next": 480,
    "time": 0,
  },
  {
    "dur": 320,
    "isRest": false,
    "next": 800,
    "time": 480,
  },
  {
    "dur": 320,
    "isRest": false,
    "next": 1120,
    "time": 800,
  },
  {
    "dur": 160,
    "isRest": false,
    "next": 1280,
    "time": 1120,
  },
  {
    "dur": 120,
    "isRest": false,
    "next": 1400,
    "time": 1280,
  },
  {
    "dur": 120,
    "isRest": false,
    "next": 1520,
    "time": 1400,
  },
  {
    "dur": 240,
    "isRest": false,
    "next": 1760,
    "time": 1520,
  },
  {
    "dur": 120,
    "isRest": false,
    "next": 1880,
    "time": 1760,
  },
  {
    "dur": 320,
    "isRest": false,
    "next": 2200,
    "time": 1880,
  },
  {
    "dur": 160,
    "isRest": false,
    "next": 2360,
    "time": 2200,
  },
  {
    "dur": 320,
    "isRest": false,
    "next": 2680,
    "time": 2360,
  },
  {
    "dur": 240,
    "isRest": false,
    "next": 2920,
    "time": 2680,
  },
  {
    "dur": 480,
    "isRest": false,
    "next": 3400,
    "time": 2920,
  },
  {
    "dur": 320,
    "isRest": false,
    "next": 3720,
    "time": 3400,
  },
  {
    "dur": 120,
    "isRest": false,
    "next": 3840,
    "time": 3720,
  },
]
`;
