// Jest Snapshot v1, https://goo.gl/fbAQLP

exports[`A Chord Progression test suite should generate chords based on a movement timeline - free rhythm 1`] = `
Array [
  Object {
    "chord": Array [
      61,
      68,
      62,
    ],
    "chordName": "C#",
    "dur": 640,
    "time": 0,
  },
  Object {
    "chord": Array [
      61,
      68,
      62,
    ],
    "chordName": "C#",
    "dur": 480,
    "time": 640,
  },
  Object {
    "chord": Array [
      61,
      68,
      62,
    ],
    "chordName": "C#",
    "dur": 320,
    "time": 1120,
  },
  Object {
    "chord": Array [
      59,
      64,
      68,
    ],
    "chordName": "Emaj",
    "dur": 480,
    "time": 1440,
  },
  Object {
    "chord": Array [
      59,
      64,
      68,
    ],
    "chordName": "Emaj",
    "dur": 480,
    "time": 1920,
  },
  Object {
    "chord": Array [
      59,
      64,
      68,
    ],
    "chordName": "Emaj",
    "dur": 480,
    "time": 2400,
  },
  Object {
    "chord": Array [
      62,
      66,
      69,
    ],
    "chordName": "Dmaj",
    "dur": 960,
    "time": 2880,
  },
  Object {
    "chord": Array [
      62,
      66,
      69,
      71,
    ],
    "chordName": "Bm7",
    "dur": 480,
    "time": 3840,
  },
  Object {
    "chord": Array [
      62,
      66,
      69,
      71,
    ],
    "chordName": "Bm7",
    "dur": 960,
    "time": 4320,
  },
  Object {
    "chord": Array [
      61,
      66,
      68,
    ],
    "chordName": "C#sus4",
    "dur": 640,
    "time": 5280,
  },
  Object {
    "chord": Array [
      61,
      66,
      68,
    ],
    "chordName": "C#sus4",
    "dur": 480,
    "time": 5920,
  },
  Object {
    "chord": Array [
      61,
      66,
      68,
    ],
    "chordName": "C#sus4",
    "dur": 320,
    "time": 6400,
  },
  Object {
    "chord": Array [
      66,
      73,
      69,
      76,
    ],
    "chordName": "F#m7",
    "dur": 480,
    "time": 6720,
  },
  Object {
    "chord": Array [
      66,
      73,
      69,
      76,
    ],
    "chordName": "F#m7",
    "dur": 480,
    "time": 7200,
  },
]
`;

exports[`A Chord Progression test suite should generate chords based on a movement timeline - turn rhythm 1`] = `
Array [
  Object {
    "chord": Array [
      61,
      66,
      68,
    ],
    "chordName": "C#sus4",
    "dur": 240,
    "time": 0,
  },
  Object {
    "chord": Array [
      61,
      66,
      68,
    ],
    "chordName": "C#sus4",
    "dur": 240,
    "time": 240,
  },
  Object {
    "chord": Array [
      61,
      66,
      68,
    ],
    "chordName": "C#sus4",
    "dur": 480,
    "time": 480,
  },
  Object {
    "chord": Array [
      61,
      66,
      68,
    ],
    "chordName": "C#sus4",
    "dur": 480,
    "time": 960,
  },
  Object {
    "chord": Array [
      64,
      71,
      69,
    ],
    "chordName": "Esus4",
    "dur": 240,
    "time": 1440,
  },
  Object {
    "chord": Array [],
    "chordName": "",
    "dur": 240,
    "time": 1440,
  },
  Object {
    "chord": Array [
      64,
      71,
      69,
    ],
    "chordName": "Esus4",
    "dur": 240,
    "time": 1920,
  },
  Object {
    "chord": Array [
      64,
      71,
      69,
    ],
    "chordName": "Esus4",
    "dur": 720,
    "time": 2160,
  },
  Object {
    "chord": Array [
      62,
      66,
      69,
    ],
    "chordName": "Dmaj",
    "dur": 240,
    "time": 2880,
  },
  Object {
    "chord": Array [
      62,
      66,
      69,
    ],
    "chordName": "Dmaj",
    "dur": 240,
    "time": 3120,
  },
  Object {
    "chord": Array [
      62,
      66,
      69,
    ],
    "chordName": "Dmaj",
    "dur": 480,
    "time": 3360,
  },
  Object {
    "chord": Array [
      71,
      74,
      81,
    ],
    "chordName": "Bm9",
    "dur": 320,
    "time": 3840,
  },
  Object {
    "chord": Array [
      71,
      74,
      81,
    ],
    "chordName": "Bm9",
    "dur": 480,
    "time": 4160,
  },
  Object {
    "chord": Array [
      71,
      74,
      81,
    ],
    "chordName": "Bm9",
    "dur": 320,
    "time": 4640,
  },
  Object {
    "chord": Array [
      71,
      74,
      81,
    ],
    "chordName": "Bm9",
    "dur": 160,
    "time": 4960,
  },
  Object {
    "chord": Array [
      61,
      64,
      68,
    ],
    "chordName": "C#m",
    "dur": 240,
    "time": 5280,
  },
  Object {
    "chord": Array [
      61,
      64,
      68,
    ],
    "chordName": "C#m",
    "dur": 240,
    "time": 5520,
  },
  Object {
    "chord": Array [
      61,
      64,
      68,
    ],
    "chordName": "C#m",
    "dur": 240,
    "time": 5760,
  },
  Object {
    "chord": Array [
      61,
      64,
      68,
    ],
    "chordName": "C#m",
    "dur": 720,
    "time": 6000,
  },
  Object {
    "chord": Array [
      61,
      66,
      68,
    ],
    "chordName": "F#sus2",
    "dur": 240,
    "time": 6720,
  },
  Object {
    "chord": Array [
      61,
      66,
      68,
    ],
    "chordName": "F#sus2",
    "dur": 240,
    "time": 6960,
  },
  Object {
    "chord": Array [],
    "chordName": "",
    "dur": 480,
    "time": 6720,
  },
]
`;

exports[`A Chord Progression test suite should generate progression with defined structures 1`] = `
Array [
  Object {
    "chord": Array [
      82,
      85,
      89,
      90,
    ],
    "chordName": "Bbm6m",
    "dur": 480,
    "time": 0,
  },
  Object {
    "chord": Array [
      82,
      85,
      89,
      90,
    ],
    "chordName": "Bbm6m",
    "dur": 480,
    "time": 480,
  },
  Object {
    "chord": Array [
      54,
      61,
      70,
      63,
    ],
    "chordName": "Gb6",
    "dur": 320,
    "time": 960,
  },
  Object {
    "chord": Array [
      54,
      61,
      70,
      63,
    ],
    "chordName": "Gb6",
    "dur": 320,
    "time": 1280,
  },
  Object {
    "chord": Array [
      54,
      61,
      70,
      63,
    ],
    "chordName": "Gb6",
    "dur": 320,
    "time": 1600,
  },
  Object {
    "chord": Array [
      56,
      65,
    ],
    "chordName": "Ab6",
    "dur": 320,
    "time": 1920,
  },
  Object {
    "chord": Array [
      56,
      65,
    ],
    "chordName": "Ab6",
    "dur": 320,
    "time": 2240,
  },
  Object {
    "chord": Array [
      56,
      65,
    ],
    "chordName": "Ab6",
    "dur": 320,
    "time": 2560,
  },
  Object {
    "chord": Array [
      49,
      53,
    ],
    "chordName": "Db6",
    "dur": 320,
    "time": 2880,
  },
  Object {
    "chord": Array [
      49,
      53,
    ],
    "chordName": "Db6",
    "dur": 320,
    "time": 3200,
  },
  Object {
    "chord": Array [
      49,
      53,
    ],
    "chordName": "Db6",
    "dur": 320,
    "time": 3520,
  },
  Object {
    "chord": Array [
      58,
      73,
      67,
    ],
    "chordName": "Bbm6",
    "dur": 320,
    "time": 3840,
  },
  Object {
    "chord": Array [
      58,
      73,
      67,
    ],
    "chordName": "Bbm6",
    "dur": 320,
    "time": 4160,
  },
  Object {
    "chord": Array [
      58,
      73,
      67,
    ],
    "chordName": "Bbm6",
    "dur": 320,
    "time": 4480,
  },
  Object {
    "chord": Array [
      58,
      65,
      68,
      73,
    ],
    "chordName": "Db6",
    "dur": 320,
    "time": 4800,
  },
  Object {
    "chord": Array [
      58,
      65,
      68,
      73,
    ],
    "chordName": "Db6",
    "dur": 320,
    "time": 5120,
  },
  Object {
    "chord": Array [
      58,
      65,
      68,
      73,
    ],
    "chordName": "Db6",
    "dur": 320,
    "time": 5440,
  },
  Object {
    "chord": Array [
      59,
      71,
      75,
      68,
      66,
      78,
      80,
    ],
    "chordName": "B6",
    "dur": 480,
    "time": 5760,
  },
  Object {
    "chord": Array [
      59,
      71,
      75,
      68,
      66,
      78,
      80,
    ],
    "chordName": "B6",
    "dur": 480,
    "time": 6240,
  },
  Object {
    "chord": Array [
      54,
      63,
      70,
    ],
    "chordName": "F#6",
    "dur": 320,
    "time": 6720,
  },
  Object {
    "chord": Array [
      54,
      63,
      70,
    ],
    "chordName": "F#6",
    "dur": 320,
    "time": 7040,
  },
  Object {
    "chord": Array [
      54,
      63,
      70,
    ],
    "chordName": "F#6",
    "dur": 320,
    "time": 7360,
  },
]
`;
