// Jest Snapshot v1, https://goo.gl/fbAQLP

exports[`#concat should concat 2 1`] = `
Array [
  Object {
    "dur": 1280,
    "isRest": false,
    "next": 1280,
    "time": 0,
  },
  Object {
    "dur": 1280,
    "isRest": false,
    "next": 2560,
    "time": 1280,
  },
  Object {
    "dur": 1280,
    "isRest": false,
    "next": 3840,
    "time": 2560,
  },
]
`;

exports[`#concat should concat 3 1`] = `
Array [
  Object {
    "dur": 480,
    "isRest": false,
    "next": 480,
    "time": 0,
  },
  Object {
    "dur": 960,
    "isRest": false,
    "next": 1440,
    "time": 480,
  },
  Object {
    "dur": 480,
    "isRest": false,
    "next": 1920,
    "time": 1440,
  },
  Object {
    "dur": 960,
    "isRest": false,
    "next": 2880,
    "time": 1920,
  },
  Object {
    "dur": 960,
    "isRest": false,
    "next": 3840,
    "time": 2880,
  },
  Object {
    "dur": 480,
    "isRest": false,
    "next": 4320,
    "time": 3840,
  },
  Object {
    "dur": 960,
    "isRest": false,
    "next": 5280,
    "time": 4320,
  },
  Object {
    "dur": 480,
    "isRest": false,
    "next": 5760,
    "time": 5280,
  },
]
`;

exports[`#concat should concat simple 1`] = `
Array [
  Object {
    "dur": 240,
    "isRest": false,
    "next": 240,
    "time": 0,
  },
  Object {
    "dur": 720,
    "isRest": false,
    "next": 960,
    "time": 240,
  },
  Object {
    "dur": 120,
    "isRest": false,
    "next": 1080,
    "time": 960,
  },
  Object {
    "dur": 720,
    "isRest": false,
    "next": 1800,
    "time": 1080,
  },
  Object {
    "dur": 320,
    "isRest": false,
    "next": 2120,
    "time": 1800,
  },
  Object {
    "dur": 120,
    "isRest": false,
    "next": 2240,
    "time": 2120,
  },
  Object {
    "dur": 160,
    "isRest": false,
    "next": 2400,
    "time": 2240,
  },
  Object {
    "dur": 720,
    "isRest": false,
    "next": 3120,
    "time": 2400,
  },
  Object {
    "dur": 120,
    "isRest": false,
    "next": 3240,
    "time": 3120,
  },
  Object {
    "dur": 160,
    "isRest": false,
    "next": 3400,
    "time": 3240,
  },
  Object {
    "dur": 160,
    "isRest": false,
    "next": 3560,
    "time": 3400,
  },
  Object {
    "dur": 160,
    "isRest": false,
    "next": 3720,
    "time": 3560,
  },
  Object {
    "dur": 120,
    "isRest": false,
    "next": 3840,
    "time": 3720,
  },
]
`;
