// Jest Snapshot v1, https://goo.gl/fbAQLP

exports[`#concat should concat 2 1`] = `
Array [
  Object {
    "dur": 1280,
    "isRest": false,
    "next": 1280,
    "time": 0,
  },
  Object {
    "dur": 1280,
    "isRest": false,
    "next": 2560,
    "time": 1280,
  },
  Object {
    "dur": 1280,
    "isRest": false,
    "next": 3840,
    "time": 2560,
  },
]
`;

exports[`#concat should concat 3 1`] = `
Array [
  Object {
    "dur": 960,
    "isRest": false,
    "next": 960,
    "time": 0,
  },
  Object {
    "dur": 960,
    "isRest": false,
    "next": 1920,
    "time": 960,
  },
  Object {
    "dur": 480,
    "isRest": false,
    "next": 2400,
    "time": 1920,
  },
  Object {
    "dur": 480,
    "isRest": false,
    "next": 2880,
    "time": 2400,
  },
  Object {
    "dur": 480,
    "isRest": false,
    "next": 3360,
    "time": 2880,
  },
  Object {
    "dur": 480,
    "isRest": false,
    "next": 3840,
    "time": 3360,
  },
  Object {
    "dur": 480,
    "isRest": false,
    "next": 4320,
    "time": 3840,
  },
  Object {
    "dur": 480,
    "isRest": false,
    "next": 4800,
    "time": 4320,
  },
  Object {
    "dur": 480,
    "isRest": false,
    "next": 5280,
    "time": 4800,
  },
  Object {
    "dur": 480,
    "isRest": false,
    "next": 5760,
    "time": 5280,
  },
]
`;

exports[`#concat should concat simple 1`] = `
Array [
  Object {
    "dur": 120,
    "isRest": false,
    "next": 120,
    "time": 0,
  },
  Object {
    "dur": 160,
    "isRest": false,
    "next": 280,
    "time": 120,
  },
  Object {
    "dur": 240,
    "isRest": false,
    "next": 520,
    "time": 280,
  },
  Object {
    "dur": 240,
    "isRest": false,
    "next": 760,
    "time": 520,
  },
  Object {
    "dur": 120,
    "isRest": false,
    "next": 880,
    "time": 760,
  },
  Object {
    "dur": 120,
    "isRest": false,
    "next": 1000,
    "time": 880,
  },
  Object {
    "dur": 240,
    "isRest": false,
    "next": 1240,
    "time": 1000,
  },
  Object {
    "dur": 120,
    "isRest": false,
    "next": 1360,
    "time": 1240,
  },
  Object {
    "dur": 480,
    "isRest": false,
    "next": 1840,
    "time": 1360,
  },
  Object {
    "dur": 160,
    "isRest": false,
    "next": 2000,
    "time": 1840,
  },
  Object {
    "dur": 320,
    "isRest": false,
    "next": 2320,
    "time": 2000,
  },
  Object {
    "dur": 320,
    "isRest": false,
    "next": 2640,
    "time": 2320,
  },
  Object {
    "dur": 160,
    "isRest": false,
    "next": 2800,
    "time": 2640,
  },
  Object {
    "dur": 320,
    "isRest": false,
    "next": 3120,
    "time": 2800,
  },
  Object {
    "dur": 720,
    "isRest": false,
    "next": 3840,
    "time": 3120,
  },
]
`;
