// Jest Snapshot v1, https://goo.gl/fbAQLP

exports[`#splitAt should splitAt complex 1`] = `
Array [
  Array [
    Object {
      "dur": 1280,
      "isRest": false,
      "next": 1280,
      "time": 0,
    },
    Object {
      "dur": 1280,
      "isRest": false,
      "next": 2560,
      "time": 1280,
    },
  ],
  Array [
    Object {
      "dur": 1280,
      "isRest": false,
      "next": 1280,
      "time": 0,
    },
  ],
]
`;

exports[`#splitAt should splitAt simple 1`] = `
Array [
  Array [
    Object {
      "dur": 240,
      "isRest": false,
      "next": 240,
      "time": 0,
    },
    Object {
      "dur": 720,
      "isRest": false,
      "next": 960,
      "time": 240,
    },
    Object {
      "dur": 120,
      "isRest": false,
      "next": 1080,
      "time": 960,
    },
    Object {
      "dur": 720,
      "isRest": false,
      "next": 1800,
      "time": 1080,
    },
    Object {
      "dur": 320,
      "isRest": false,
      "next": 2120,
      "time": 1800,
    },
  ],
  Array [
    Object {
      "dur": 120,
      "isRest": false,
      "next": 120,
      "time": 0,
    },
    Object {
      "dur": 160,
      "isRest": false,
      "next": 280,
      "time": 120,
    },
    Object {
      "dur": 720,
      "isRest": false,
      "next": 1000,
      "time": 280,
    },
    Object {
      "dur": 120,
      "isRest": false,
      "next": 1120,
      "time": 1000,
    },
    Object {
      "dur": 160,
      "isRest": false,
      "next": 1280,
      "time": 1120,
    },
    Object {
      "dur": 160,
      "isRest": false,
      "next": 1440,
      "time": 1280,
    },
    Object {
      "dur": 160,
      "isRest": false,
      "next": 1600,
      "time": 1440,
    },
    Object {
      "dur": 120,
      "isRest": false,
      "next": 1720,
      "time": 1600,
    },
  ],
]
`;
