// Jest Snapshot v1, https://goo.gl/fbAQLP

exports[`#splitAt should splitAt complex 1`] = `
[
  [
    {
      "dur": 1280,
      "isRest": false,
      "next": 1280,
      "time": 0,
    },
    {
      "dur": 1280,
      "isRest": false,
      "next": 2560,
      "time": 1280,
    },
  ],
  [
    {
      "dur": 1280,
      "isRest": false,
      "next": 1280,
      "time": 0,
    },
  ],
]
`;

exports[`#splitAt should splitAt simple 1`] = `
[
  [
    {
      "dur": 480,
      "isRest": false,
      "next": 480,
      "time": 0,
    },
    {
      "dur": 320,
      "isRest": false,
      "next": 800,
      "time": 480,
    },
    {
      "dur": 320,
      "isRest": false,
      "next": 1120,
      "time": 800,
    },
    {
      "dur": 160,
      "isRest": false,
      "next": 1280,
      "time": 1120,
    },
    {
      "dur": 120,
      "isRest": false,
      "next": 1400,
      "time": 1280,
    },
    {
      "dur": 120,
      "isRest": false,
      "next": 1520,
      "time": 1400,
    },
    {
      "dur": 240,
      "isRest": false,
      "next": 1760,
      "time": 1520,
    },
    {
      "dur": 120,
      "isRest": false,
      "next": 1880,
      "time": 1760,
    },
    {
      "dur": 320,
      "isRest": false,
      "next": 2200,
      "time": 1880,
    },
  ],
  [
    {
      "dur": 160,
      "isRest": false,
      "next": 160,
      "time": 0,
    },
    {
      "dur": 320,
      "isRest": false,
      "next": 480,
      "time": 160,
    },
    {
      "dur": 240,
      "isRest": false,
      "next": 720,
      "time": 480,
    },
    {
      "dur": 480,
      "isRest": false,
      "next": 1200,
      "time": 720,
    },
    {
      "dur": 320,
      "isRest": false,
      "next": 1520,
      "time": 1200,
    },
    {
      "dur": 120,
      "isRest": false,
      "next": 1640,
      "time": 1520,
    },
  ],
]
`;
