// Jest Snapshot v1, https://goo.gl/fbAQLP

exports[`A Friendly test suite #rank should return an ordered list of scales based on intervals ranking 1`] = `
Object {
  "2M": Array [
    "1P 2M 3M 4A 5P 6M 7M",
    "1P 2M 3M 4P 5P 6M 7M",
    "1P 2M 3M 4P 5P 6M 7M",
    "1P 2M 3M 4P 5P 6M 7m",
    "1P 2M 3m 4P 5P 6m 7m",
    "1P 2M 3m 4P 5P 6m 7m",
    "1P 2M 3m 4P 5P 6M 7m",
    "1P 2M 3M 5P 6M",
    "1P 2M 4P 5P 7m",
    "1P 2M 3m 4P 5P 6M 7M",
    "1P 2M 3m 4P 5P 6m 7M",
  ],
  "2m": Array [
    "1P 2m 3m 4P 5P 6m 7m",
    "1P 2m 3m 4P 5d 6m 7m",
    "1P 2m 3m 3M 5d 6m 7m",
  ],
  "3M": Array [
    "1P 2M 3M 4A 5P 6M 7M",
    "1P 2M 3M 4P 5P 6M 7M",
    "1P 2M 3M 4P 5P 6M 7M",
    "1P 2M 3M 4P 5P 6M 7m",
    "1P 2M 3M 5P 6M",
    "1P 2m 3m 3M 5d 6m 7m",
  ],
  "3m": Array [
    "1P 2M 3m 4P 5P 6m 7m",
    "1P 2M 3m 4P 5P 6m 7m",
    "1P 2M 3m 4P 5P 6M 7m",
    "1P 2m 3m 4P 5P 6m 7m",
    "1P 2m 3m 4P 5d 6m 7m",
    "1P 3m 4P 5P 7m",
    "1P 2M 3m 4P 5P 6M 7M",
    "1P 2m 3m 3M 5d 6m 7m",
    "1P 2M 3m 4P 5P 6m 7M",
  ],
  "4A": Array [
    "1P 2M 3M 4A 5P 6M 7M",
  ],
  "4P": Array [
    "1P 2M 3M 4P 5P 6M 7M",
    "1P 2M 3M 4P 5P 6M 7M",
    "1P 2M 3M 4P 5P 6M 7m",
    "1P 2M 3m 4P 5P 6m 7m",
    "1P 2M 3m 4P 5P 6m 7m",
    "1P 2M 3m 4P 5P 6M 7m",
    "1P 2m 3m 4P 5P 6m 7m",
    "1P 2m 3m 4P 5d 6m 7m",
    "1P 3m 4P 5P 7m",
    "1P 2M 4P 5P 7m",
    "1P 2M 3m 4P 5P 6M 7M",
    "1P 2M 3m 4P 5P 6m 7M",
  ],
  "5P": Array [
    "1P 2M 3M 4A 5P 6M 7M",
    "1P 2M 3M 4P 5P 6M 7M",
    "1P 2M 3M 4P 5P 6M 7M",
    "1P 2M 3M 4P 5P 6M 7m",
    "1P 2M 3m 4P 5P 6m 7m",
    "1P 2M 3m 4P 5P 6m 7m",
    "1P 2M 3m 4P 5P 6M 7m",
    "1P 2m 3m 4P 5P 6m 7m",
    "1P 2M 3M 5P 6M",
    "1P 3m 4P 5P 7m",
    "1P 2M 4P 5P 7m",
    "1P 2M 3m 4P 5P 6M 7M",
    "1P 2M 3m 4P 5P 6m 7M",
  ],
  "5d": Array [
    "1P 2m 3m 4P 5d 6m 7m",
    "1P 2m 3m 3M 5d 6m 7m",
  ],
  "6M": Array [
    "1P 2M 3M 4A 5P 6M 7M",
    "1P 2M 3M 4P 5P 6M 7M",
    "1P 2M 3M 4P 5P 6M 7M",
    "1P 2M 3M 4P 5P 6M 7m",
    "1P 2M 3m 4P 5P 6M 7m",
    "1P 2M 3M 5P 6M",
    "1P 2M 3m 4P 5P 6M 7M",
  ],
  "6m": Array [
    "1P 2M 3m 4P 5P 6m 7m",
    "1P 2M 3m 4P 5P 6m 7m",
    "1P 2m 3m 4P 5P 6m 7m",
    "1P 2m 3m 4P 5d 6m 7m",
    "1P 2m 3m 3M 5d 6m 7m",
    "1P 2M 3m 4P 5P 6m 7M",
  ],
  "7M": Array [
    "1P 2M 3M 4A 5P 6M 7M",
    "1P 2M 3M 4P 5P 6M 7M",
    "1P 2M 3M 4P 5P 6M 7M",
    "1P 2M 3m 4P 5P 6M 7M",
    "1P 2M 3m 4P 5P 6m 7M",
  ],
  "7m": Array [
    "1P 2M 3M 4P 5P 6M 7m",
    "1P 2M 3m 4P 5P 6m 7m",
    "1P 2M 3m 4P 5P 6m 7m",
    "1P 2M 3m 4P 5P 6M 7m",
    "1P 2m 3m 4P 5P 6m 7m",
    "1P 2m 3m 4P 5d 6m 7m",
    "1P 3m 4P 5P 7m",
    "1P 2M 4P 5P 7m",
    "1P 2m 3m 3M 5d 6m 7m",
  ],
}
`;

exports[`A Friendly test suite classified list of neighboring scales should return [ \`A\`, \`C#\`, \`G\`, \`B\` ]  1`] = `
Array [
  Object {
    "intervals": "1P 2M 3M 7m",
    "match": 1,
    "root": "A",
    "scale": "1P 2M 3M 4P 5P 6M 7m",
    "type": "Mixolydian",
  },
  Object {
    "intervals": "1P 2M 3M 4A",
    "match": 1,
    "root": "G",
    "scale": "1P 2M 3M 4A 5P 6M 7M",
    "type": "Lydian",
  },
  Object {
    "intervals": "1P 2M 3M 7m",
    "match": 0.6666666666666666,
    "root": "A",
    "scale": "1P 2M 3M 4A 5P 6M 7M",
    "type": "Lydian",
  },
  Object {
    "intervals": "1P 2M 3M 7m",
    "match": 0.6666666666666666,
    "root": "A",
    "scale": "1P 2M 3M 4P 5P 6M 7M",
    "type": "Major",
  },
  Object {
    "intervals": "1P 2M 3M 7m",
    "match": 0.6666666666666666,
    "root": "A",
    "scale": "1P 2M 3m 4P 5P 6m 7m",
    "type": "Minor",
  },
  Object {
    "intervals": "1P 2M 3M 7m",
    "match": 0.6666666666666666,
    "root": "A",
    "scale": "1P 2M 3m 4P 5P 6M 7m",
    "type": "Dorian",
  },
  Object {
    "intervals": "1P 2M 3M 7m",
    "match": 0.6666666666666666,
    "root": "A",
    "scale": "1P 2M 3M 5P 6M",
    "type": "MajorPentatonic",
  },
  Object {
    "intervals": "1P 2M 3M 7m",
    "match": 0.6666666666666666,
    "root": "A",
    "scale": "1P 2M 4P 5P 7m",
    "type": "Egyptian",
  },
  Object {
    "intervals": "1P 2M 3M 7m",
    "match": 0.6666666666666666,
    "root": "A",
    "scale": "1P 2m 3m 3M 5d 6m 7m",
    "type": "Altered",
  },
  Object {
    "intervals": "1P 2M 5A 7m",
    "match": 0.6666666666666666,
    "root": "B",
    "scale": "1P 2M 3M 4P 5P 6M 7m",
    "type": "Mixolydian",
  },
  Object {
    "intervals": "1P 2M 5A 7m",
    "match": 0.6666666666666666,
    "root": "B",
    "scale": "1P 2M 3m 4P 5P 6m 7m",
    "type": "Minor",
  },
  Object {
    "intervals": "1P 2M 5A 7m",
    "match": 0.6666666666666666,
    "root": "B",
    "scale": "1P 2M 3m 4P 5P 6M 7m",
    "type": "Dorian",
  },
  Object {
    "intervals": "1P 2M 5A 7m",
    "match": 0.6666666666666666,
    "root": "B",
    "scale": "1P 2M 4P 5P 7m",
    "type": "Egyptian",
  },
  Object {
    "intervals": "1P 2M 3M 4A",
    "match": 0.6666666666666666,
    "root": "G",
    "scale": "1P 2M 3M 4P 5P 6M 7M",
    "type": "Major",
  },
  Object {
    "intervals": "1P 2M 3M 4A",
    "match": 0.6666666666666666,
    "root": "G",
    "scale": "1P 2M 3M 4P 5P 6M 7m",
    "type": "Mixolydian",
  },
  Object {
    "intervals": "1P 2M 3M 4A",
    "match": 0.6666666666666666,
    "root": "G",
    "scale": "1P 2M 3M 5P 6M",
    "type": "MajorPentatonic",
  },
  Object {
    "intervals": "1P 2M 3M 7m",
    "match": 0.3333333333333333,
    "root": "A",
    "scale": "1P 2M 3m 4P 5P 6M 7M",
    "type": "MelodicMinor",
  },
  Object {
    "intervals": "1P 2M 3M 7m",
    "match": 0.3333333333333333,
    "root": "A",
    "scale": "1P 2M 3m 4P 5P 6m 7M",
    "type": "HarmonicMinor",
  },
  Object {
    "intervals": "1P 2M 3M 7m",
    "match": 0.3333333333333333,
    "root": "A",
    "scale": "1P 2m 3m 4P 5P 6m 7m",
    "type": "Phrygian",
  },
  Object {
    "intervals": "1P 2M 3M 7m",
    "match": 0.3333333333333333,
    "root": "A",
    "scale": "1P 2m 3m 4P 5d 6m 7m",
    "type": "Locrian",
  },
  Object {
    "intervals": "1P 2M 3M 7m",
    "match": 0.3333333333333333,
    "root": "A",
    "scale": "1P 3m 4P 5P 7m",
    "type": "MinorPentatonic",
  },
  Object {
    "intervals": "1P 2M 5A 7m",
    "match": 0.3333333333333333,
    "root": "B",
    "scale": "1P 2M 3M 4A 5P 6M 7M",
    "type": "Lydian",
  },
  Object {
    "intervals": "1P 2M 5A 7m",
    "match": 0.3333333333333333,
    "root": "B",
    "scale": "1P 2M 3M 4P 5P 6M 7M",
    "type": "Major",
  },
  Object {
    "intervals": "1P 2M 5A 7m",
    "match": 0.3333333333333333,
    "root": "B",
    "scale": "1P 2M 3M 5P 6M",
    "type": "MajorPentatonic",
  },
  Object {
    "intervals": "1P 2M 5A 7m",
    "match": 0.3333333333333333,
    "root": "B",
    "scale": "1P 2M 3m 4P 5P 6M 7M",
    "type": "MelodicMinor",
  },
  Object {
    "intervals": "1P 2M 5A 7m",
    "match": 0.3333333333333333,
    "root": "B",
    "scale": "1P 2M 3m 4P 5P 6m 7M",
    "type": "HarmonicMinor",
  },
  Object {
    "intervals": "1P 2M 5A 7m",
    "match": 0.3333333333333333,
    "root": "B",
    "scale": "1P 2m 3m 4P 5P 6m 7m",
    "type": "Phrygian",
  },
  Object {
    "intervals": "1P 2M 5A 7m",
    "match": 0.3333333333333333,
    "root": "B",
    "scale": "1P 2m 3m 4P 5d 6m 7m",
    "type": "Locrian",
  },
  Object {
    "intervals": "1P 2M 5A 7m",
    "match": 0.3333333333333333,
    "root": "B",
    "scale": "1P 3m 4P 5P 7m",
    "type": "MinorPentatonic",
  },
  Object {
    "intervals": "1P 2M 5A 7m",
    "match": 0.3333333333333333,
    "root": "B",
    "scale": "1P 2m 3m 3M 5d 6m 7m",
    "type": "Altered",
  },
  Object {
    "intervals": "1P 2M 3M 4A",
    "match": 0.3333333333333333,
    "root": "G",
    "scale": "1P 2M 3m 4P 5P 6m 7m",
    "type": "Minor",
  },
  Object {
    "intervals": "1P 2M 3M 4A",
    "match": 0.3333333333333333,
    "root": "G",
    "scale": "1P 2M 3m 4P 5P 6M 7m",
    "type": "Dorian",
  },
  Object {
    "intervals": "1P 2M 3M 4A",
    "match": 0.3333333333333333,
    "root": "G",
    "scale": "1P 2M 4P 5P 7m",
    "type": "Egyptian",
  },
  Object {
    "intervals": "1P 2M 3M 4A",
    "match": 0.3333333333333333,
    "root": "G",
    "scale": "1P 2M 3m 4P 5P 6M 7M",
    "type": "MelodicMinor",
  },
  Object {
    "intervals": "1P 2M 3M 4A",
    "match": 0.3333333333333333,
    "root": "G",
    "scale": "1P 2M 3m 4P 5P 6m 7M",
    "type": "HarmonicMinor",
  },
  Object {
    "intervals": "1P 2M 3M 4A",
    "match": 0.3333333333333333,
    "root": "G",
    "scale": "1P 2m 3m 3M 5d 6m 7m",
    "type": "Altered",
  },
  Object {
    "intervals": "1P 4A 5A 7m",
    "match": 0.3333333333333333,
    "root": "C#",
    "scale": "1P 2M 3M 4A 5P 6M 7M",
    "type": "Lydian",
  },
  Object {
    "intervals": "1P 4A 5A 7m",
    "match": 0.3333333333333333,
    "root": "C#",
    "scale": "1P 2M 3M 4P 5P 6M 7m",
    "type": "Mixolydian",
  },
  Object {
    "intervals": "1P 4A 5A 7m",
    "match": 0.3333333333333333,
    "root": "C#",
    "scale": "1P 2M 3m 4P 5P 6m 7m",
    "type": "Minor",
  },
  Object {
    "intervals": "1P 4A 5A 7m",
    "match": 0.3333333333333333,
    "root": "C#",
    "scale": "1P 2M 3m 4P 5P 6M 7m",
    "type": "Dorian",
  },
  Object {
    "intervals": "1P 4A 5A 7m",
    "match": 0.3333333333333333,
    "root": "C#",
    "scale": "1P 2m 3m 4P 5P 6m 7m",
    "type": "Phrygian",
  },
  Object {
    "intervals": "1P 4A 5A 7m",
    "match": 0.3333333333333333,
    "root": "C#",
    "scale": "1P 2m 3m 4P 5d 6m 7m",
    "type": "Locrian",
  },
  Object {
    "intervals": "1P 4A 5A 7m",
    "match": 0.3333333333333333,
    "root": "C#",
    "scale": "1P 3m 4P 5P 7m",
    "type": "MinorPentatonic",
  },
  Object {
    "intervals": "1P 4A 5A 7m",
    "match": 0.3333333333333333,
    "root": "C#",
    "scale": "1P 2M 4P 5P 7m",
    "type": "Egyptian",
  },
  Object {
    "intervals": "1P 4A 5A 7m",
    "match": 0.3333333333333333,
    "root": "C#",
    "scale": "1P 2m 3m 3M 5d 6m 7m",
    "type": "Altered",
  },
]
`;

exports[`A Friendly test suite classified list of neighboring scales should return [ \`B\`, \`D\`, \`Eb\`, \`F\`, \`Ab\` ] 1`] = `
Array [
  Object {
    "intervals": "1P 3m 4A 5P 6M",
    "match": 0.75,
    "root": "Ab",
    "scale": "1P 2M 3m 4P 5P 6M 7m",
    "type": "Dorian",
  },
  Object {
    "intervals": "1P 3m 4A 5P 6M",
    "match": 0.75,
    "root": "Ab",
    "scale": "1P 2M 3m 4P 5P 6M 7M",
    "type": "MelodicMinor",
  },
  Object {
    "intervals": "1P 3m 4A 5P 6M",
    "match": 0.75,
    "root": "Ab",
    "scale": "1P 2M 3M 4A 5P 6M 7M",
    "type": "Lydian",
  },
  Object {
    "intervals": "1P 3m 4A 6M 7m",
    "match": 0.75,
    "root": "F",
    "scale": "1P 2M 3m 4P 5P 6M 7m",
    "type": "Dorian",
  },
  Object {
    "intervals": "1P 3m 4A 6M 7m",
    "match": 0.75,
    "root": "F",
    "scale": "1P 2M 3m 4P 5P 6M 7m",
    "type": "Dorian",
  },
  Object {
    "intervals": "1P 3m 3M 4A 6M",
    "match": 0.75,
    "root": "B",
    "scale": "1P 2M 3M 4A 5P 6M 7M",
    "type": "Lydian",
  },
  Object {
    "intervals": "1P 3m 4A 5P 6M",
    "match": 0.5,
    "root": "Ab",
    "scale": "1P 2M 3m 4P 5P 6m 7m",
    "type": "Minor",
  },
  Object {
    "intervals": "1P 3m 4A 5P 6M",
    "match": 0.5,
    "root": "Ab",
    "scale": "1P 2m 3m 4P 5P 6m 7m",
    "type": "Phrygian",
  },
  Object {
    "intervals": "1P 3m 4A 5P 6M",
    "match": 0.5,
    "root": "Ab",
    "scale": "1P 3m 4P 5P 7m",
    "type": "MinorPentatonic",
  },
  Object {
    "intervals": "1P 3m 4A 5P 6M",
    "match": 0.5,
    "root": "Ab",
    "scale": "1P 2M 3m 4P 5P 6m 7M",
    "type": "HarmonicMinor",
  },
  Object {
    "intervals": "1P 3m 4A 5P 6M",
    "match": 0.5,
    "root": "Ab",
    "scale": "1P 2M 3M 4P 5P 6M 7M",
    "type": "Major",
  },
  Object {
    "intervals": "1P 3m 4A 5P 6M",
    "match": 0.5,
    "root": "Ab",
    "scale": "1P 2M 3M 4P 5P 6M 7m",
    "type": "Mixolydian",
  },
  Object {
    "intervals": "1P 3m 4A 5P 6M",
    "match": 0.5,
    "root": "Ab",
    "scale": "1P 2M 3M 5P 6M",
    "type": "MajorPentatonic",
  },
  Object {
    "intervals": "1P 3m 4A 6M 7m",
    "match": 0.5,
    "root": "F",
    "scale": "1P 2M 3m 4P 5P 6m 7m",
    "type": "Minor",
  },
  Object {
    "intervals": "1P 3m 4A 6M 7m",
    "match": 0.5,
    "root": "F",
    "scale": "1P 2m 3m 4P 5P 6m 7m",
    "type": "Phrygian",
  },
  Object {
    "intervals": "1P 3m 4A 6M 7m",
    "match": 0.5,
    "root": "F",
    "scale": "1P 2m 3m 4P 5d 6m 7m",
    "type": "Locrian",
  },
  Object {
    "intervals": "1P 3m 4A 6M 7m",
    "match": 0.5,
    "root": "F",
    "scale": "1P 3m 4P 5P 7m",
    "type": "MinorPentatonic",
  },
  Object {
    "intervals": "1P 3m 4A 6M 7m",
    "match": 0.5,
    "root": "F",
    "scale": "1P 2M 3m 4P 5P 6M 7M",
    "type": "MelodicMinor",
  },
  Object {
    "intervals": "1P 3m 4A 6M 7m",
    "match": 0.5,
    "root": "F",
    "scale": "1P 2m 3m 3M 5d 6m 7m",
    "type": "Altered",
  },
  Object {
    "intervals": "1P 3m 4A 6M 7m",
    "match": 0.5,
    "root": "F",
    "scale": "1P 2M 3M 4A 5P 6M 7M",
    "type": "Lydian",
  },
  Object {
    "intervals": "1P 3m 4A 6M 7m",
    "match": 0.5,
    "root": "F",
    "scale": "1P 2M 3M 4P 5P 6M 7m",
    "type": "Mixolydian",
  },
  Object {
    "intervals": "1P 3m 4A 6M 7m",
    "match": 0.5,
    "root": "F",
    "scale": "1P 2M 3m 4P 5P 6m 7m",
    "type": "Minor",
  },
  Object {
    "intervals": "1P 3m 4A 6M 7m",
    "match": 0.5,
    "root": "F",
    "scale": "1P 2m 3m 4P 5P 6m 7m",
    "type": "Phrygian",
  },
  Object {
    "intervals": "1P 3m 4A 6M 7m",
    "match": 0.5,
    "root": "F",
    "scale": "1P 2m 3m 4P 5d 6m 7m",
    "type": "Locrian",
  },
  Object {
    "intervals": "1P 3m 4A 6M 7m",
    "match": 0.5,
    "root": "F",
    "scale": "1P 3m 4P 5P 7m",
    "type": "MinorPentatonic",
  },
  Object {
    "intervals": "1P 3m 4A 6M 7m",
    "match": 0.5,
    "root": "F",
    "scale": "1P 2M 3m 4P 5P 6M 7M",
    "type": "MelodicMinor",
  },
  Object {
    "intervals": "1P 3m 4A 6M 7m",
    "match": 0.5,
    "root": "F",
    "scale": "1P 2m 3m 3M 5d 6m 7m",
    "type": "Altered",
  },
  Object {
    "intervals": "1P 3m 4A 6M 7m",
    "match": 0.5,
    "root": "F",
    "scale": "1P 2M 3M 4A 5P 6M 7M",
    "type": "Lydian",
  },
  Object {
    "intervals": "1P 3m 4A 6M 7m",
    "match": 0.5,
    "root": "F",
    "scale": "1P 2M 3M 4P 5P 6M 7m",
    "type": "Mixolydian",
  },
  Object {
    "intervals": "1P 3m 3M 4A 6M",
    "match": 0.5,
    "root": "B",
    "scale": "1P 2M 3m 4P 5P 6M 7m",
    "type": "Dorian",
  },
  Object {
    "intervals": "1P 3m 3M 4A 6M",
    "match": 0.5,
    "root": "B",
    "scale": "1P 2M 3m 4P 5P 6M 7M",
    "type": "MelodicMinor",
  },
  Object {
    "intervals": "1P 3m 3M 4A 6M",
    "match": 0.5,
    "root": "B",
    "scale": "1P 2m 3m 3M 5d 6m 7m",
    "type": "Altered",
  },
  Object {
    "intervals": "1P 3m 3M 4A 6M",
    "match": 0.5,
    "root": "B",
    "scale": "1P 2M 3M 4P 5P 6M 7M",
    "type": "Major",
  },
  Object {
    "intervals": "1P 3m 3M 4A 6M",
    "match": 0.5,
    "root": "B",
    "scale": "1P 2M 3M 4P 5P 6M 7m",
    "type": "Mixolydian",
  },
  Object {
    "intervals": "1P 3m 3M 4A 6M",
    "match": 0.5,
    "root": "B",
    "scale": "1P 2M 3M 5P 6M",
    "type": "MajorPentatonic",
  },
  Object {
    "intervals": "1P 2m 3m 4A 6M",
    "match": 0.5,
    "root": "D",
    "scale": "1P 2m 3m 4P 5P 6m 7m",
    "type": "Phrygian",
  },
  Object {
    "intervals": "1P 2m 3m 4A 6M",
    "match": 0.5,
    "root": "D",
    "scale": "1P 2m 3m 4P 5d 6m 7m",
    "type": "Locrian",
  },
  Object {
    "intervals": "1P 2m 3m 4A 6M",
    "match": 0.5,
    "root": "D",
    "scale": "1P 2m 3m 3M 5d 6m 7m",
    "type": "Altered",
  },
  Object {
    "intervals": "1P 2m 3m 4A 6M",
    "match": 0.5,
    "root": "D",
    "scale": "1P 2M 3m 4P 5P 6M 7m",
    "type": "Dorian",
  },
  Object {
    "intervals": "1P 2m 3m 4A 6M",
    "match": 0.5,
    "root": "D",
    "scale": "1P 2M 3m 4P 5P 6M 7M",
    "type": "MelodicMinor",
  },
  Object {
    "intervals": "1P 2m 3m 4A 6M",
    "match": 0.5,
    "root": "D",
    "scale": "1P 2M 3M 4A 5P 6M 7M",
    "type": "Lydian",
  },
  Object {
    "intervals": "1P 3m 4A 5P 6M",
    "match": 0.25,
    "root": "Ab",
    "scale": "1P 2m 3m 4P 5d 6m 7m",
    "type": "Locrian",
  },
  Object {
    "intervals": "1P 3m 4A 5P 6M",
    "match": 0.25,
    "root": "Ab",
    "scale": "1P 2m 3m 3M 5d 6m 7m",
    "type": "Altered",
  },
  Object {
    "intervals": "1P 3m 4A 5P 6M",
    "match": 0.25,
    "root": "Ab",
    "scale": "1P 2M 4P 5P 7m",
    "type": "Egyptian",
  },
  Object {
    "intervals": "1P 3m 4A 6M 7m",
    "match": 0.25,
    "root": "F",
    "scale": "1P 2M 3m 4P 5P 6m 7M",
    "type": "HarmonicMinor",
  },
  Object {
    "intervals": "1P 3m 4A 6M 7m",
    "match": 0.25,
    "root": "F",
    "scale": "1P 2M 3M 4P 5P 6M 7M",
    "type": "Major",
  },
  Object {
    "intervals": "1P 3m 4A 6M 7m",
    "match": 0.25,
    "root": "F",
    "scale": "1P 2M 3M 5P 6M",
    "type": "MajorPentatonic",
  },
  Object {
    "intervals": "1P 3m 4A 6M 7m",
    "match": 0.25,
    "root": "F",
    "scale": "1P 2M 4P 5P 7m",
    "type": "Egyptian",
  },
  Object {
    "intervals": "1P 3m 4A 6M 7m",
    "match": 0.25,
    "root": "F",
    "scale": "1P 2M 3m 4P 5P 6m 7M",
    "type": "HarmonicMinor",
  },
  Object {
    "intervals": "1P 3m 4A 6M 7m",
    "match": 0.25,
    "root": "F",
    "scale": "1P 2M 3M 4P 5P 6M 7M",
    "type": "Major",
  },
  Object {
    "intervals": "1P 3m 4A 6M 7m",
    "match": 0.25,
    "root": "F",
    "scale": "1P 2M 3M 5P 6M",
    "type": "MajorPentatonic",
  },
  Object {
    "intervals": "1P 3m 4A 6M 7m",
    "match": 0.25,
    "root": "F",
    "scale": "1P 2M 4P 5P 7m",
    "type": "Egyptian",
  },
  Object {
    "intervals": "1P 3m 3M 4A 6M",
    "match": 0.25,
    "root": "B",
    "scale": "1P 2M 3m 4P 5P 6m 7m",
    "type": "Minor",
  },
  Object {
    "intervals": "1P 3m 3M 4A 6M",
    "match": 0.25,
    "root": "B",
    "scale": "1P 2m 3m 4P 5P 6m 7m",
    "type": "Phrygian",
  },
  Object {
    "intervals": "1P 3m 3M 4A 6M",
    "match": 0.25,
    "root": "B",
    "scale": "1P 2m 3m 4P 5d 6m 7m",
    "type": "Locrian",
  },
  Object {
    "intervals": "1P 3m 3M 4A 6M",
    "match": 0.25,
    "root": "B",
    "scale": "1P 3m 4P 5P 7m",
    "type": "MinorPentatonic",
  },
  Object {
    "intervals": "1P 3m 3M 4A 6M",
    "match": 0.25,
    "root": "B",
    "scale": "1P 2M 3m 4P 5P 6m 7M",
    "type": "HarmonicMinor",
  },
  Object {
    "intervals": "1P 2m 3m 4A 6M",
    "match": 0.25,
    "root": "D",
    "scale": "1P 2M 3m 4P 5P 6m 7m",
    "type": "Minor",
  },
  Object {
    "intervals": "1P 2m 3m 4A 6M",
    "match": 0.25,
    "root": "D",
    "scale": "1P 3m 4P 5P 7m",
    "type": "MinorPentatonic",
  },
  Object {
    "intervals": "1P 2m 3m 4A 6M",
    "match": 0.25,
    "root": "D",
    "scale": "1P 2M 3m 4P 5P 6m 7M",
    "type": "HarmonicMinor",
  },
  Object {
    "intervals": "1P 2m 3m 4A 6M",
    "match": 0.25,
    "root": "D",
    "scale": "1P 2M 3M 4P 5P 6M 7M",
    "type": "Major",
  },
  Object {
    "intervals": "1P 2m 3m 4A 6M",
    "match": 0.25,
    "root": "D",
    "scale": "1P 2M 3M 4P 5P 6M 7m",
    "type": "Mixolydian",
  },
  Object {
    "intervals": "1P 2m 3m 4A 6M",
    "match": 0.25,
    "root": "D",
    "scale": "1P 2M 3M 5P 6M",
    "type": "MajorPentatonic",
  },
]
`;

exports[`A Friendly test suite classified list of neighboring scales should return [ \`F#\`, \`C#\`, \`D\`, \`D\`, \`E\`, \`C\` ] 1`] = `
Array [
  Object {
    "intervals": "1P 2M 3M 7m 7M",
    "match": 0.75,
    "root": "D",
    "scale": "1P 2M 3M 4A 5P 6M 7M",
    "type": "Lydian",
  },
  Object {
    "intervals": "1P 2M 3M 7m 7M",
    "match": 0.75,
    "root": "D",
    "scale": "1P 2M 3M 4P 5P 6M 7M",
    "type": "Major",
  },
  Object {
    "intervals": "1P 2M 3M 7m 7M",
    "match": 0.75,
    "root": "D",
    "scale": "1P 2M 3M 4P 5P 6M 7m",
    "type": "Mixolydian",
  },
  Object {
    "intervals": "1P 2M 5A 6M 7m",
    "match": 0.75,
    "root": "E",
    "scale": "1P 2M 3M 4P 5P 6M 7m",
    "type": "Mixolydian",
  },
  Object {
    "intervals": "1P 2M 5A 6M 7m",
    "match": 0.75,
    "root": "E",
    "scale": "1P 2M 3m 4P 5P 6M 7m",
    "type": "Dorian",
  },
  Object {
    "intervals": "1P 2M 5A 6M 7m",
    "match": 0.75,
    "root": "E",
    "scale": "1P 2M 3M 4P 5P 6M 7m",
    "type": "Mixolydian",
  },
  Object {
    "intervals": "1P 2M 5A 6M 7m",
    "match": 0.75,
    "root": "E",
    "scale": "1P 2M 3m 4P 5P 6M 7m",
    "type": "Dorian",
  },
  Object {
    "intervals": "1P 2m 2M 3M 4A",
    "match": 0.75,
    "root": "C",
    "scale": "1P 2M 3M 4A 5P 6M 7M",
    "type": "Lydian",
  },
  Object {
    "intervals": "1P 2M 3M 7m 7M",
    "match": 0.5,
    "root": "D",
    "scale": "1P 2M 3m 4P 5P 6m 7m",
    "type": "Minor",
  },
  Object {
    "intervals": "1P 2M 3M 7m 7M",
    "match": 0.5,
    "root": "D",
    "scale": "1P 2M 3m 4P 5P 6M 7m",
    "type": "Dorian",
  },
  Object {
    "intervals": "1P 2M 3M 7m 7M",
    "match": 0.5,
    "root": "D",
    "scale": "1P 2M 3M 5P 6M",
    "type": "MajorPentatonic",
  },
  Object {
    "intervals": "1P 2M 3M 7m 7M",
    "match": 0.5,
    "root": "D",
    "scale": "1P 2M 4P 5P 7m",
    "type": "Egyptian",
  },
  Object {
    "intervals": "1P 2M 3M 7m 7M",
    "match": 0.5,
    "root": "D",
    "scale": "1P 2M 3m 4P 5P 6M 7M",
    "type": "MelodicMinor",
  },
  Object {
    "intervals": "1P 2M 3M 7m 7M",
    "match": 0.5,
    "root": "D",
    "scale": "1P 2M 3m 4P 5P 6m 7M",
    "type": "HarmonicMinor",
  },
  Object {
    "intervals": "1P 2M 3M 7m 7M",
    "match": 0.5,
    "root": "D",
    "scale": "1P 2m 3m 3M 5d 6m 7m",
    "type": "Altered",
  },
  Object {
    "intervals": "1P 2M 5A 6M 7m",
    "match": 0.5,
    "root": "E",
    "scale": "1P 2M 3M 4A 5P 6M 7M",
    "type": "Lydian",
  },
  Object {
    "intervals": "1P 2M 5A 6M 7m",
    "match": 0.5,
    "root": "E",
    "scale": "1P 2M 3M 4P 5P 6M 7M",
    "type": "Major",
  },
  Object {
    "intervals": "1P 2M 5A 6M 7m",
    "match": 0.5,
    "root": "E",
    "scale": "1P 2M 3m 4P 5P 6m 7m",
    "type": "Minor",
  },
  Object {
    "intervals": "1P 2M 5A 6M 7m",
    "match": 0.5,
    "root": "E",
    "scale": "1P 2M 3M 5P 6M",
    "type": "MajorPentatonic",
  },
  Object {
    "intervals": "1P 2M 5A 6M 7m",
    "match": 0.5,
    "root": "E",
    "scale": "1P 2M 4P 5P 7m",
    "type": "Egyptian",
  },
  Object {
    "intervals": "1P 2M 5A 6M 7m",
    "match": 0.5,
    "root": "E",
    "scale": "1P 2M 3m 4P 5P 6M 7M",
    "type": "MelodicMinor",
  },
  Object {
    "intervals": "1P 2M 5A 6M 7m",
    "match": 0.5,
    "root": "E",
    "scale": "1P 2M 3M 4A 5P 6M 7M",
    "type": "Lydian",
  },
  Object {
    "intervals": "1P 2M 5A 6M 7m",
    "match": 0.5,
    "root": "E",
    "scale": "1P 2M 3M 4P 5P 6M 7M",
    "type": "Major",
  },
  Object {
    "intervals": "1P 2M 5A 6M 7m",
    "match": 0.5,
    "root": "E",
    "scale": "1P 2M 3m 4P 5P 6m 7m",
    "type": "Minor",
  },
  Object {
    "intervals": "1P 2M 5A 6M 7m",
    "match": 0.5,
    "root": "E",
    "scale": "1P 2M 3M 5P 6M",
    "type": "MajorPentatonic",
  },
  Object {
    "intervals": "1P 2M 5A 6M 7m",
    "match": 0.5,
    "root": "E",
    "scale": "1P 2M 4P 5P 7m",
    "type": "Egyptian",
  },
  Object {
    "intervals": "1P 2M 5A 6M 7m",
    "match": 0.5,
    "root": "E",
    "scale": "1P 2M 3m 4P 5P 6M 7M",
    "type": "MelodicMinor",
  },
  Object {
    "intervals": "1P 4A 5P 5A 7m",
    "match": 0.5,
    "root": "F#",
    "scale": "1P 2M 3M 4A 5P 6M 7M",
    "type": "Lydian",
  },
  Object {
    "intervals": "1P 4A 5P 5A 7m",
    "match": 0.5,
    "root": "F#",
    "scale": "1P 2M 3M 4P 5P 6M 7m",
    "type": "Mixolydian",
  },
  Object {
    "intervals": "1P 4A 5P 5A 7m",
    "match": 0.5,
    "root": "F#",
    "scale": "1P 2M 3m 4P 5P 6m 7m",
    "type": "Minor",
  },
  Object {
    "intervals": "1P 4A 5P 5A 7m",
    "match": 0.5,
    "root": "F#",
    "scale": "1P 2M 3m 4P 5P 6M 7m",
    "type": "Dorian",
  },
  Object {
    "intervals": "1P 4A 5P 5A 7m",
    "match": 0.5,
    "root": "F#",
    "scale": "1P 2m 3m 4P 5P 6m 7m",
    "type": "Phrygian",
  },
  Object {
    "intervals": "1P 4A 5P 5A 7m",
    "match": 0.5,
    "root": "F#",
    "scale": "1P 3m 4P 5P 7m",
    "type": "MinorPentatonic",
  },
  Object {
    "intervals": "1P 4A 5P 5A 7m",
    "match": 0.5,
    "root": "F#",
    "scale": "1P 2M 4P 5P 7m",
    "type": "Egyptian",
  },
  Object {
    "intervals": "1P 2m 2M 3M 4A",
    "match": 0.5,
    "root": "C",
    "scale": "1P 2m 3m 3M 5d 6m 7m",
    "type": "Altered",
  },
  Object {
    "intervals": "1P 2m 2M 3M 4A",
    "match": 0.5,
    "root": "C",
    "scale": "1P 2M 3M 4P 5P 6M 7M",
    "type": "Major",
  },
  Object {
    "intervals": "1P 2m 2M 3M 4A",
    "match": 0.5,
    "root": "C",
    "scale": "1P 2M 3M 4P 5P 6M 7m",
    "type": "Mixolydian",
  },
  Object {
    "intervals": "1P 2m 2M 3M 4A",
    "match": 0.5,
    "root": "C",
    "scale": "1P 2M 3M 5P 6M",
    "type": "MajorPentatonic",
  },
  Object {
    "intervals": "1P 2M 3M 7m 7M",
    "match": 0.25,
    "root": "D",
    "scale": "1P 2m 3m 4P 5P 6m 7m",
    "type": "Phrygian",
  },
  Object {
    "intervals": "1P 2M 3M 7m 7M",
    "match": 0.25,
    "root": "D",
    "scale": "1P 2m 3m 4P 5d 6m 7m",
    "type": "Locrian",
  },
  Object {
    "intervals": "1P 2M 3M 7m 7M",
    "match": 0.25,
    "root": "D",
    "scale": "1P 3m 4P 5P 7m",
    "type": "MinorPentatonic",
  },
  Object {
    "intervals": "1P 2M 5A 6M 7m",
    "match": 0.25,
    "root": "E",
    "scale": "1P 2M 3m 4P 5P 6m 7M",
    "type": "HarmonicMinor",
  },
  Object {
    "intervals": "1P 2M 5A 6M 7m",
    "match": 0.25,
    "root": "E",
    "scale": "1P 2m 3m 4P 5P 6m 7m",
    "type": "Phrygian",
  },
  Object {
    "intervals": "1P 2M 5A 6M 7m",
    "match": 0.25,
    "root": "E",
    "scale": "1P 2m 3m 4P 5d 6m 7m",
    "type": "Locrian",
  },
  Object {
    "intervals": "1P 2M 5A 6M 7m",
    "match": 0.25,
    "root": "E",
    "scale": "1P 3m 4P 5P 7m",
    "type": "MinorPentatonic",
  },
  Object {
    "intervals": "1P 2M 5A 6M 7m",
    "match": 0.25,
    "root": "E",
    "scale": "1P 2m 3m 3M 5d 6m 7m",
    "type": "Altered",
  },
  Object {
    "intervals": "1P 2M 5A 6M 7m",
    "match": 0.25,
    "root": "E",
    "scale": "1P 2M 3m 4P 5P 6m 7M",
    "type": "HarmonicMinor",
  },
  Object {
    "intervals": "1P 2M 5A 6M 7m",
    "match": 0.25,
    "root": "E",
    "scale": "1P 2m 3m 4P 5P 6m 7m",
    "type": "Phrygian",
  },
  Object {
    "intervals": "1P 2M 5A 6M 7m",
    "match": 0.25,
    "root": "E",
    "scale": "1P 2m 3m 4P 5d 6m 7m",
    "type": "Locrian",
  },
  Object {
    "intervals": "1P 2M 5A 6M 7m",
    "match": 0.25,
    "root": "E",
    "scale": "1P 3m 4P 5P 7m",
    "type": "MinorPentatonic",
  },
  Object {
    "intervals": "1P 2M 5A 6M 7m",
    "match": 0.25,
    "root": "E",
    "scale": "1P 2m 3m 3M 5d 6m 7m",
    "type": "Altered",
  },
  Object {
    "intervals": "1P 4A 5P 5A 7m",
    "match": 0.25,
    "root": "F#",
    "scale": "1P 2M 3M 4P 5P 6M 7M",
    "type": "Major",
  },
  Object {
    "intervals": "1P 4A 5P 5A 7m",
    "match": 0.25,
    "root": "F#",
    "scale": "1P 2M 3M 5P 6M",
    "type": "MajorPentatonic",
  },
  Object {
    "intervals": "1P 4A 5P 5A 7m",
    "match": 0.25,
    "root": "F#",
    "scale": "1P 2M 3m 4P 5P 6M 7M",
    "type": "MelodicMinor",
  },
  Object {
    "intervals": "1P 4A 5P 5A 7m",
    "match": 0.25,
    "root": "F#",
    "scale": "1P 2M 3m 4P 5P 6m 7M",
    "type": "HarmonicMinor",
  },
  Object {
    "intervals": "1P 4A 5P 5A 7m",
    "match": 0.25,
    "root": "F#",
    "scale": "1P 2m 3m 4P 5d 6m 7m",
    "type": "Locrian",
  },
  Object {
    "intervals": "1P 4A 5P 5A 7m",
    "match": 0.25,
    "root": "F#",
    "scale": "1P 2m 3m 3M 5d 6m 7m",
    "type": "Altered",
  },
  Object {
    "intervals": "1P 2m 2M 3M 4A",
    "match": 0.25,
    "root": "C",
    "scale": "1P 2m 3m 4P 5P 6m 7m",
    "type": "Phrygian",
  },
  Object {
    "intervals": "1P 2m 2M 3M 4A",
    "match": 0.25,
    "root": "C",
    "scale": "1P 2m 3m 4P 5d 6m 7m",
    "type": "Locrian",
  },
  Object {
    "intervals": "1P 2m 2M 3M 4A",
    "match": 0.25,
    "root": "C",
    "scale": "1P 2M 3m 4P 5P 6m 7m",
    "type": "Minor",
  },
  Object {
    "intervals": "1P 2m 2M 3M 4A",
    "match": 0.25,
    "root": "C",
    "scale": "1P 2M 3m 4P 5P 6M 7m",
    "type": "Dorian",
  },
  Object {
    "intervals": "1P 2m 2M 3M 4A",
    "match": 0.25,
    "root": "C",
    "scale": "1P 2M 4P 5P 7m",
    "type": "Egyptian",
  },
  Object {
    "intervals": "1P 2m 2M 3M 4A",
    "match": 0.25,
    "root": "C",
    "scale": "1P 2M 3m 4P 5P 6M 7M",
    "type": "MelodicMinor",
  },
  Object {
    "intervals": "1P 2m 2M 3M 4A",
    "match": 0.25,
    "root": "C",
    "scale": "1P 2M 3m 4P 5P 6m 7M",
    "type": "HarmonicMinor",
  },
]
`;

exports[`A Friendly test suite classified list of neighboring scales should still return neighbours when given just 2 notes 1`] = `
Array [
  Object {
    "intervals": "1P 5P",
    "match": 1,
    "root": "F#",
    "scale": "1P 2M 3M 4A 5P 6M 7M",
    "type": "Lydian",
  },
  Object {
    "intervals": "1P 5P",
    "match": 1,
    "root": "F#",
    "scale": "1P 2M 3M 4P 5P 6M 7M",
    "type": "Major",
  },
  Object {
    "intervals": "1P 5P",
    "match": 1,
    "root": "F#",
    "scale": "1P 2M 3M 4P 5P 6M 7m",
    "type": "Mixolydian",
  },
  Object {
    "intervals": "1P 5P",
    "match": 1,
    "root": "F#",
    "scale": "1P 2M 3m 4P 5P 6m 7m",
    "type": "Minor",
  },
  Object {
    "intervals": "1P 5P",
    "match": 1,
    "root": "F#",
    "scale": "1P 2M 3m 4P 5P 6M 7m",
    "type": "Dorian",
  },
  Object {
    "intervals": "1P 5P",
    "match": 1,
    "root": "F#",
    "scale": "1P 2m 3m 4P 5P 6m 7m",
    "type": "Phrygian",
  },
  Object {
    "intervals": "1P 5P",
    "match": 1,
    "root": "F#",
    "scale": "1P 2M 3M 5P 6M",
    "type": "MajorPentatonic",
  },
  Object {
    "intervals": "1P 5P",
    "match": 1,
    "root": "F#",
    "scale": "1P 3m 4P 5P 7m",
    "type": "MinorPentatonic",
  },
  Object {
    "intervals": "1P 5P",
    "match": 1,
    "root": "F#",
    "scale": "1P 2M 4P 5P 7m",
    "type": "Egyptian",
  },
  Object {
    "intervals": "1P 5P",
    "match": 1,
    "root": "F#",
    "scale": "1P 2M 3m 4P 5P 6M 7M",
    "type": "MelodicMinor",
  },
  Object {
    "intervals": "1P 5P",
    "match": 1,
    "root": "F#",
    "scale": "1P 2M 3m 4P 5P 6m 7M",
    "type": "HarmonicMinor",
  },
  Object {
    "intervals": "1P 4P",
    "match": 1,
    "root": "C#",
    "scale": "1P 2M 3M 4P 5P 6M 7M",
    "type": "Major",
  },
  Object {
    "intervals": "1P 4P",
    "match": 1,
    "root": "C#",
    "scale": "1P 2M 3M 4P 5P 6M 7m",
    "type": "Mixolydian",
  },
  Object {
    "intervals": "1P 4P",
    "match": 1,
    "root": "C#",
    "scale": "1P 2M 3m 4P 5P 6m 7m",
    "type": "Minor",
  },
  Object {
    "intervals": "1P 4P",
    "match": 1,
    "root": "C#",
    "scale": "1P 2M 3m 4P 5P 6M 7m",
    "type": "Dorian",
  },
  Object {
    "intervals": "1P 4P",
    "match": 1,
    "root": "C#",
    "scale": "1P 2m 3m 4P 5P 6m 7m",
    "type": "Phrygian",
  },
  Object {
    "intervals": "1P 4P",
    "match": 1,
    "root": "C#",
    "scale": "1P 2m 3m 4P 5d 6m 7m",
    "type": "Locrian",
  },
  Object {
    "intervals": "1P 4P",
    "match": 1,
    "root": "C#",
    "scale": "1P 3m 4P 5P 7m",
    "type": "MinorPentatonic",
  },
  Object {
    "intervals": "1P 4P",
    "match": 1,
    "root": "C#",
    "scale": "1P 2M 4P 5P 7m",
    "type": "Egyptian",
  },
  Object {
    "intervals": "1P 4P",
    "match": 1,
    "root": "C#",
    "scale": "1P 2M 3m 4P 5P 6M 7M",
    "type": "MelodicMinor",
  },
  Object {
    "intervals": "1P 4P",
    "match": 1,
    "root": "C#",
    "scale": "1P 2M 3m 4P 5P 6m 7M",
    "type": "HarmonicMinor",
  },
]
`;
